// Jest Snapshot v1, https://goo.gl/fbAQLP

exports[`创建默认的文字排版 1`] = `
Object {
  "body1": Object {
    "fontSize": "1rem",
    "fontWeight": 400,
    "letterSpacing": "0.00938em",
    "lineHeight": 1.5,
  },
  "body2": Object {
    "fontSize": "0.875rem",
    "fontWeight": 400,
    "letterSpacing": "0.01071em",
    "lineHeight": 1.43,
  },
  "button": Object {
    "fontSize": "0.875rem",
    "fontWeight": 500,
    "letterSpacing": "0.02857em",
    "lineHeight": 1.75,
    "textTransform": "uppercase",
  },
  "caption": Object {
    "fontSize": "0.75rem",
    "fontWeight": 400,
    "letterSpacing": "0.03333em",
    "lineHeight": 1.66,
  },
  "fontFamily": "-apple-system, BlinkMacSystemFont, 'Segoe UI', 'PingFang SC', 'Hiragino Sans GB',
'Microsoft YaHei', Roboto, 'Noto Sans SC', 'Helvetica Neue', Helvetica, Arial, sans-serif, 'Apple Color Emoji',
'Segoe UI Emoji', 'Segoe UI Symbol'",
  "fontSize": 14,
  "fontWeightBold": 700,
  "fontWeightLight": 300,
  "fontWeightMedium": 500,
  "fontWeightRegular": 400,
  "h1": Object {
    "fontSize": "6rem",
    "fontWeight": 300,
    "letterSpacing": "-0.01562em",
    "lineHeight": 1.167,
  },
  "h2": Object {
    "fontSize": "3.75rem",
    "fontWeight": 300,
    "letterSpacing": "-0.00833em",
    "lineHeight": 1.2,
  },
  "h3": Object {
    "fontSize": "3rem",
    "fontWeight": 400,
    "letterSpacing": "0em",
    "lineHeight": 1.167,
  },
  "h4": Object {
    "fontSize": "2.125rem",
    "fontWeight": 400,
    "letterSpacing": "0.00735em",
    "lineHeight": 1.235,
  },
  "h5": Object {
    "fontSize": "1.5rem",
    "fontWeight": 400,
    "letterSpacing": "0em",
    "lineHeight": 1.334,
  },
  "h6": Object {
    "fontSize": "1.25rem",
    "fontWeight": 500,
    "letterSpacing": "0.0075em",
    "lineHeight": 1.6,
  },
  "htmlFontSize": 16,
  "overline": Object {
    "fontSize": "0.75rem",
    "fontWeight": 400,
    "letterSpacing": "0.08333em",
    "lineHeight": 2.66,
    "textTransform": "uppercase",
  },
  "pxToRem": [Function],
  "subtitle1": Object {
    "fontSize": "1rem",
    "fontWeight": 400,
    "letterSpacing": "0.00938em",
    "lineHeight": 1.75,
  },
  "subtitle2": Object {
    "fontSize": "0.875rem",
    "fontWeight": 500,
    "letterSpacing": "0.00714em",
    "lineHeight": 1.57,
  },
}
`;
